Program
  List
    Function
      IdDecl ID="x" TYPE="int"
      List
      List
        IdStmt
          IdDecl ID="a" TYPE="int"
          Opt
        Assign
          IdUse ID="a"
          Literal LITERAL="1"
        IfStmt
          IfBlock
            IdUse ID="a"
            List
              Assign
                IdUse ID="a"
                Literal LITERAL="2"
          List
          Opt
