Program
  List
    Function TYPE="int"
      Id ID="main"
      List
        Assign
          Id ID="y"
          Add
            Mul
              Id ID="x"
              Mod
                Literal LITERAL="5"
                Literal LITERAL="3"
            Literal LITERAL="1"
        Assign
          Id ID="x"
          Sub
            Literal LITERAL="2"
            Literal LITERAL="1"
        IdDecl TYPE="int"
          Id ID="y"
        IdDecl TYPE="int"
          Id ID="x"

