Program
  List
    Function TYPE="int"
      Id ID="x"
      List
      List
        IdDecl TYPE="int"
          Id ID="a"
        Assign
          Id ID="a"
          Literal LITERAL="1"
        WhileStmt
          Id ID="a"
          List
            Assign
              Id ID="a"
              Literal LITERAL="2"
