Program
  List
    Function
      IdDecl ID="x" TYPE="int"
      List
      Block
        List
          IdStmt
            IdDecl ID="a" TYPE="int"
            Opt
          Assign
            IdUse ID="a"
            Literal LITERAL="1"
          WhileStmt
            IdUse ID="a"
            Block
              List
                Assign
                  IdUse ID="a"
                  Literal LITERAL="2"
